        _
  _ __ | |__   ___  _ __   ___   _ __  _   _
 | '_ \| '_ \ / _ \| '_ \ / _ \ | '_ \| | | |
 | |_) | | | | (_) | | | | (_) || |_) | |_| |
 | .__/|_| |_|\___/|_| |_|\___(_) .__/ \__, |
 |_|                            |_|    |___/
                                       4.1.0

-------------------------[time 2026-08-11 13:44:02]-------------------------
Rust backend (phonors) using rayon (6 threads).
Running in phonopy.load mode.
Python version 3.13.9
Spglib version 2.7.0

"mesh.conf" was read as phonopy configuration file.
Crystal structure was read from "phonopy.yaml".
Unit of length: angstrom
Mesh sampling mode
Settings:
  Sampling mesh: [21 21  1]
  Supercell: [5 5 1]
  Primitive matrix:
    [ 1. -1.  0.]
    [0. 1. 0.]
    [0. 0. 1.]
Spacegroup: P-3m1 (164)
Number of symmetry operations in supercell: 300
Use -v option to watch primitive cell, unit cell, and supercell structures.

Force constants were read from "FORCE_CONSTANTS".
Max drift after symmetrization by symfc projector: 0.00000000 (yy) 0.00000000 (yy) 

Mesh numbers: [21 21  1]
Number of irreducible q-points on sampling mesh: 48/441
Calculating phonons on sampling mesh...

Summary of calculation was written in "phonopy.yaml".
-------------------------[time 2026-08-11 13:44:03]-------------------------
                 _
   ___ _ __   __| |
  / _ \ '_ \ / _` |
 |  __/ | | | (_| |
  \___|_| |_|\__,_|

